// Jest Snapshot v1, https://goo.gl/fbAQLP

exports[`fromRawQueries example snapshots are matching CTELoopedAggregateScan 1`] = `
".-----------------------------------------------------------------------------------------------------------------.
|                                             CTELoopedAggregateScan                                              |
|-----------------------------------------------------------------------------------------------------------------|
| ID |                     Label                      | Actual Total Time | Actual Loops | Total Time | Self Time |
|----|------------------------------------------------|-------------------|--------------|------------|-----------|
|  1 | Query                                          |                   |              |   175.7 ms |      0 μs |
|  2 |   Planning                                     |                   |              |     214 μs |    214 μs |
|  3 |   Execution                                    |                   |              |   175.5 ms |     81 μs |
|  4 |     Nested Loop                                |          175.4 ms |            1 |   175.4 ms |     73 μs |
|  5 |       CTE tmp_data                             |          175.2 ms |            1 |   175.2 ms |      0 μs |
|  6 |         Function Scan on pg_sleep pg_sleep_for |          175.2 ms |            1 |   175.2 ms |  175.2 ms |
|  7 |       CTE foo                                  |          175.3 ms |            1 |     106 μs |      0 μs |
|  8 |         Nested Loop                            |          175.3 ms |            1 |     106 μs |     31 μs |
|  9 |           Function Scan on generate_series b   |             14 μs |            1 |      14 μs |     14 μs |
| 10 |           Aggregate                            |            8.8 ms |           20 |      61 μs |     40 μs |
| 11 |             CTE Scan on tmp_data               |            8.8 ms |           20 |      21 μs |     21 μs |
| 12 |       CTE Scan on foo                          |          175.3 ms |            1 |      28 μs |     28 μs |
| 13 |       Function Scan on generate_series         |              2 μs |           20 |      40 μs |     40 μs |
'-----------------------------------------------------------------------------------------------------------------'"
`;

exports[`fromRawQueries example snapshots are matching CTESimple 1`] = `
".--------------------------------------------------------------------------------------.
|                                      CTESimple                                       |
|--------------------------------------------------------------------------------------|
| ID |        Label        | Actual Total Time | Actual Loops | Total Time | Self Time |
|----|---------------------|-------------------|--------------|------------|-----------|
|  1 | Query               |                   |              |   102.2 ms |      0 μs |
|  2 |   Planning          |                   |              |      51 μs |     51 μs |
|  3 |   Execution         |                   |              |   102.2 ms |     19 μs |
|  4 |     CTE Scan on foo |          102.2 ms |            1 |   102.2 ms |      7 μs |
|  5 |       CTE foo       |          102.2 ms |            1 |   102.2 ms |      0 μs |
|  6 |         Result      |          102.2 ms |            1 |   102.2 ms |  102.2 ms |
'--------------------------------------------------------------------------------------'"
`;

exports[`fromRawQueries example snapshots are matching CTESleepUnion 1`] = `
".------------------------------------------------------------------------------------------------.
|                                         CTESleepUnion                                          |
|------------------------------------------------------------------------------------------------|
| ID |             Label             | Actual Total Time | Actual Loops | Total Time | Self Time |
|----|-------------------------------|-------------------|--------------|------------|-----------|
|  1 | Query                         |                   |              |   303.1 ms |      0 μs |
|  2 |   Planning                    |                   |              |     307 μs |    307 μs |
|  3 |   Execution                   |                   |              |   302.8 ms |    152 μs |
|  4 |     Limit                     |          302.7 ms |            1 |   302.7 ms |      5 μs |
|  5 |       CTE foo                 |          302.6 ms |            1 |   302.6 ms |      0 μs |
|  6 |         Append                |          302.6 ms |            1 |   302.6 ms |      4 μs |
|  7 |           Result              |          101.1 ms |            1 |   101.1 ms |  101.1 ms |
|  8 |           Result              |          201.5 ms |            1 |   201.5 ms |  201.5 ms |
|  9 |           Result              |              0 μs |            0 |       0 μs |      0 μs |
| 10 |       InitPlan 2 (returns $1) |          101.1 ms |            1 |       7 μs |      0 μs |
| 11 |         CTE Scan on foo foo_1 |          101.1 ms |            1 |       7 μs |      7 μs |
| 12 |       Result                  |          302.7 ms |            1 |      60 μs |     47 μs |
| 13 |         CTE Scan on foo       |          201.5 ms |            1 |      13 μs |     13 μs |
'------------------------------------------------------------------------------------------------'"
`;

exports[`fromRawQueries example snapshots are matching NestedLoop 1`] = `
".-----------------------------------------------------------------------------------------------------------.
|                                                NestedLoop                                                 |
|-----------------------------------------------------------------------------------------------------------|
| ID |                  Label                   | Actual Total Time | Actual Loops | Total Time | Self Time |
|----|------------------------------------------|-------------------|--------------|------------|-----------|
|  1 | Query                                    |                   |              |     154 μs |      0 μs |
|  2 |   Planning                               |                   |              |      67 μs |     67 μs |
|  3 |   Execution                              |                   |              |      87 μs |     28 μs |
|  4 |     Nested Loop                          |             59 μs |            1 |      59 μs |     30 μs |
|  5 |       Function Scan on generate_series a |              9 μs |            1 |       9 μs |      9 μs |
|  6 |       Function Scan on generate_series b |              2 μs |           10 |      20 μs |     20 μs |
'-----------------------------------------------------------------------------------------------------------'"
`;

exports[`fromRawQueries example snapshots are matching PGIndexes 1`] = `
".-----------------------------------------------------------------------------------------------------------------------------------------.
|                                                                PGIndexes                                                                |
|-----------------------------------------------------------------------------------------------------------------------------------------|
| ID |                                 Label                                  | Actual Total Time | Actual Loops | Total Time | Self Time |
|----|------------------------------------------------------------------------|-------------------|--------------|------------|-----------|
|  1 | Query                                                                  |                   |              |    11.3 ms |      0 μs |
|  2 |   Planning                                                             |                   |              |     833 μs |    833 μs |
|  3 |   Execution                                                            |                   |              |    10.4 ms |    126 μs |
|  4 |     Nested Loop Left Join                                              |           10.3 ms |            1 |    10.3 ms |    9.0 ms |
|  5 |       Hash Left Join                                                   |            1.2 ms |            1 |     1.2 ms |    114 μs |
|  6 |         Nested Loop                                                    |            1.1 ms |            1 |     1.1 ms |     94 μs |
|  7 |           Hash Join                                                    |            480 μs |            1 |     480 μs |    156 μs |
|  8 |             Seq Scan on pg_catalog.pg_index x                          |             63 μs |            1 |      63 μs |     63 μs |
|  9 |             Hash                                                       |            261 μs |            1 |     261 μs |     40 μs |
| 10 |               Seq Scan on pg_catalog.pg_class c                        |            221 μs |            1 |     221 μs |    221 μs |
| 11 |           Index Scan using pg_class_oid_index on pg_catalog.pg_class i |              4 μs |          130 |     520 μs |    520 μs |
| 12 |         Hash                                                           |             15 μs |            1 |      15 μs |      5 μs |
| 13 |           Seq Scan on pg_catalog.pg_namespace n                        |             10 μs |            1 |      10 μs |     10 μs |
| 14 |       Materialize                                                      |              1 μs |          130 |     130 μs |    125 μs |
| 15 |         Seq Scan on pg_catalog.pg_tablespace t                         |              5 μs |            1 |       5 μs |      5 μs |
'-----------------------------------------------------------------------------------------------------------------------------------------'"
`;

exports[`fromRawQueries example snapshots are matching ParallelAppend 1`] = `
".----------------------------------------------------------------------------------------.
|                                     ParallelAppend                                     |
|----------------------------------------------------------------------------------------|
| ID |         Label         | Actual Total Time | Actual Loops | Total Time | Self Time |
|----|-----------------------|-------------------|--------------|------------|-----------|
|  1 | Query                 |                   |              |   809.9 ms |      0 μs |
|  2 |   Planning            |                   |              |     134 μs |    134 μs |
|  3 |   Execution           |                   |              |   809.8 ms |     79 μs |
|  4 |     Gather            |          809.7 ms |            1 |   809.7 ms |      0 μs |
|  5 |       Parallel Append |          702.1 ms |            3 |   809.7 ms |      0 μs |
|  6 |         Result        |          200.7 ms |            1 |    77.1 ms |   77.1 ms |
|  7 |         Result        |          301.2 ms |            1 |   115.8 ms |  115.8 ms |
|  8 |         Result        |          400.5 ms |            1 |   154.0 ms |  154.0 ms |
|  9 |         Result        |          501.3 ms |            1 |   192.7 ms |  192.7 ms |
| 10 |         Result        |          601.6 ms |            1 |   231.3 ms |  231.3 ms |
| 11 |         Result        |          100.9 ms |            1 |    38.8 ms |   38.8 ms |
'----------------------------------------------------------------------------------------'"
`;

exports[`fromRawQueries example snapshots are matching ParallelAppendCount 1`] = `
".----------------------------------------------------------------------------------------------------------------------.
|                                                 ParallelAppendCount                                                  |
|----------------------------------------------------------------------------------------------------------------------|
| ID |                        Label                        | Actual Total Time | Actual Loops | Total Time | Self Time |
|----|-----------------------------------------------------|-------------------|--------------|------------|-----------|
|  1 | Query                                               |                   |              |   652.6 ms |      0 μs |
|  2 |   Planning                                          |                   |              |     201 μs |    201 μs |
|  3 |   Execution                                         |                   |              |   652.4 ms |    129 μs |
|  4 |     Nested Loop                                     |          649.3 ms |            1 |   652.3 ms |      0 μs |
|  5 |       Nested Loop                                   |          649.3 ms |            1 |   652.2 ms |      0 μs |
|  6 |         Gather                                      |          202.4 ms |            1 |   202.4 ms |      0 μs |
|  7 |           Parallel Append                           |          139.2 ms |            3 |   202.4 ms |      0 μs |
|  8 |             Aggregate                               |          215.4 ms |            1 |   104.4 ms |   45.1 ms |
|  9 |               Seq Scan on public.foo                |          122.2 ms |            1 |    59.2 ms |   59.2 ms |
| 10 |             Aggregate                               |          202.2 ms |            1 |    98.0 ms |   45.8 ms |
| 11 |               Seq Scan on public.foo foo_1          |          107.8 ms |            1 |    52.2 ms |   52.2 ms |
| 12 |         Gather                                      |          224.9 ms |            2 |   449.8 ms |      0 μs |
| 13 |           Parallel Append                           |          140.4 ms |            6 |   449.8 ms |      0 μs |
| 14 |             Aggregate                               |          217.4 ms |            2 |   232.1 ms |  100.1 ms |
| 15 |               Seq Scan on public.foo foo_2          |          123.6 ms |            2 |   132.0 ms |  132.0 ms |
| 16 |             Aggregate                               |          203.9 ms |            2 |   217.7 ms |  101.7 ms |
| 17 |               Seq Scan on public.foo foo_3          |          108.6 ms |            2 |   115.9 ms |  115.9 ms |
| 18 |       Function Scan on pg_catalog.generate_series a |              6 μs |            4 |      24 μs |     24 μs |
'----------------------------------------------------------------------------------------------------------------------'"
`;

exports[`fromRawQueries example snapshots are matching ParallelCount 1`] = `
".-----------------------------------------------------------------------------------------------------.
|                                            ParallelCount                                            |
|-----------------------------------------------------------------------------------------------------|
| ID |               Label                | Actual Total Time | Actual Loops | Total Time | Self Time |
|----|------------------------------------|-------------------|--------------|------------|-----------|
|  1 | Query                              |                   |              |   851.0 ms |      0 μs |
|  2 |   Planning                         |                   |              |      54 μs |     54 μs |
|  3 |   Execution                        |                   |              |   851.0 ms |     57 μs |
|  4 |     Finalize Aggregate             |          834.7 ms |            1 |   850.9 ms |      0 μs |
|  5 |       Gather                       |          850.9 ms |            1 |   850.9 ms |   20.3 ms |
|  6 |         Partial Aggregate          |          830.6 ms |            3 |   830.6 ms |  357.2 ms |
|  7 |           Parallel Seq Scan on foo |          473.4 ms |            3 |   473.4 ms |  473.4 ms |
'-----------------------------------------------------------------------------------------------------'"
`;

exports[`fromRawQueries example snapshots are matching ParallelCountAppend 1`] = `
".-----------------------------------------------------------------------------------------------------------------.
|                                               ParallelCountAppend                                               |
|-----------------------------------------------------------------------------------------------------------------|
| ID |                     Label                      | Actual Total Time | Actual Loops | Total Time | Self Time |
|----|------------------------------------------------|-------------------|--------------|------------|-----------|
|  1 | Query                                          |                   |              |   500.8 ms |      0 μs |
|  2 |   Planning                                     |                   |              |     265 μs |    265 μs |
|  3 |   Execution                                    |                   |              |   500.5 ms |    193 μs |
|  4 |     Nested Loop                                |          497.5 ms |            1 |   500.3 ms |      0 μs |
|  5 |       Nested Loop                              |          497.5 ms |            1 |   500.3 ms |      0 μs |
|  6 |         Append                                 |          170.6 ms |            1 |   170.6 ms |      0 μs |
|  7 |           Finalize Aggregate                   |           89.9 ms |            1 |    89.9 ms |      0 μs |
|  8 |             Gather                             |           89.9 ms |            1 |    89.9 ms |    4.1 ms |
|  9 |               Partial Aggregate                |           85.9 ms |            3 |    85.9 ms |   36.6 ms |
| 10 |                 Parallel Seq Scan on foo       |           49.3 ms |            3 |    49.3 ms |   49.3 ms |
| 11 |           Finalize Aggregate                   |           80.7 ms |            1 |    80.7 ms |      0 μs |
| 12 |             Gather                             |           80.7 ms |            1 |    80.7 ms |    3.5 ms |
| 13 |               Partial Aggregate                |           77.2 ms |            3 |    77.2 ms |   33.2 ms |
| 14 |                 Parallel Seq Scan on foo foo_1 |           43.9 ms |            3 |    43.9 ms |   43.9 ms |
| 15 |         Append                                 |          163.4 ms |            2 |   329.7 ms |      0 μs |
| 16 |           Finalize Aggregate                   |           80.4 ms |            2 |   160.9 ms |      0 μs |
| 17 |             Gather                             |           80.4 ms |            2 |   160.9 ms |    7.3 ms |
| 18 |               Partial Aggregate                |           76.8 ms |            6 |   153.6 ms |   66.2 ms |
| 19 |                 Parallel Seq Scan on foo foo_2 |           43.7 ms |            6 |    87.4 ms |   87.4 ms |
| 20 |           Finalize Aggregate                   |           83.0 ms |            2 |   168.9 ms |      0 μs |
| 21 |             Gather                             |           84.4 ms |            2 |   168.9 ms |   10.0 ms |
| 22 |               Partial Aggregate                |           79.4 ms |            6 |   158.9 ms |   68.2 ms |
| 23 |                 Parallel Seq Scan on foo foo_3 |           45.3 ms |            6 |    90.7 ms |   90.7 ms |
| 24 |       Function Scan on generate_series a       |              3 μs |            4 |      12 μs |     12 μs |
'-----------------------------------------------------------------------------------------------------------------'"
`;

exports[`fromRawQueries example snapshots are matching RewriteTwoQueries 1`] = `
".-----------------------------------------------------------------------------------------------------------.
|                                             RewriteTwoQueries                                             |
|-----------------------------------------------------------------------------------------------------------|
| ID |                  Label                   | Actual Total Time | Actual Loops | Total Time | Self Time |
|----|------------------------------------------|-------------------|--------------|------------|-----------|
|  1 | Queries                                  |                   |              |   259.0 ms |      0 μs |
|  2 |   Query 1                                |                   |              |   130.2 ms |      0 μs |
|  3 |     Planning                             |                   |              |      42 μs |     42 μs |
|  4 |     Execution                            |                   |              |   130.1 ms |    1.3 ms |
|  5 |       Insert on foo                      |          128.8 ms |            1 |   128.8 ms |  105.3 ms |
|  6 |         Function Scan on generate_series |           23.5 ms |            1 |    23.5 ms |   23.5 ms |
|  7 |   Query 2                                |                   |              |   128.8 ms |      0 μs |
|  8 |     Planning                             |                   |              |      41 μs |     41 μs |
|  9 |     Execution                            |                   |              |   128.8 ms |    1.4 ms |
| 10 |       Insert on bar                      |          127.4 ms |            1 |   127.4 ms |  105.3 ms |
| 11 |         Function Scan on generate_series |           22.0 ms |            1 |    22.0 ms |   22.0 ms |
'-----------------------------------------------------------------------------------------------------------'"
`;
