// Jest Snapshot v1, https://goo.gl/fbAQLP

exports[`transformQueries time accounting snapshots are matching CTESimple 1`] = `
".--------------------------------------------------------------------------------.
|                                   CTESimple                                    |
|--------------------------------------------------------------------------------|
| # |        Label        | Actual Total Time | Total Time | Self Time | Virtual |
|---|---------------------|-------------------|------------|-----------|---------|
| 1 | Query               |                   |   102.2 ms |      0 μs |       x |
| 2 |   Planning          |                   |      51 μs |     51 μs |       x |
| 3 |   Execution         |                   |   102.2 ms |     19 μs |       x |
| 4 |     CTE Scan on foo |          102.2 ms |   102.2 ms |      7 μs |         |
| 5 |       CTE foo       |          102.2 ms |   102.2 ms |      0 μs |       x |
| 6 |         Result      |          102.2 ms |   102.2 ms |  102.2 ms |         |
'--------------------------------------------------------------------------------'"
`;

exports[`transformQueries time accounting snapshots are matching CTESleepUnion 1`] = `
".-------------------------------------------------------------------------------------------.
|                                       CTESleepUnion                                       |
|-------------------------------------------------------------------------------------------|
| #  |             Label             | Actual Total Time | Total Time | Self Time | Virtual |
|----|-------------------------------|-------------------|------------|-----------|---------|
|  1 | Query                         |                   |   303.1 ms |      0 μs |       x |
|  2 |   Planning                    |                   |     307 μs |    307 μs |       x |
|  3 |   Execution                   |                   |   302.8 ms |    152 μs |       x |
|  4 |     Limit                     |          302.7 ms |   302.7 ms |      5 μs |         |
|  5 |       CTE foo                 |          302.6 ms |   302.6 ms |      0 μs |       x |
|  6 |         Append                |          302.6 ms |   302.6 ms |      4 μs |         |
|  7 |           Result              |          101.1 ms |   101.1 ms |  101.1 ms |         |
|  8 |           Result              |          201.5 ms |   201.5 ms |  201.5 ms |         |
|  9 |           Result              |              0 μs |       0 μs |      0 μs |         |
| 10 |       InitPlan 2 (returns $1) |          101.1 ms |       7 μs |      0 μs |       x |
| 11 |         CTE Scan on foo foo_1 |          101.1 ms |       7 μs |      7 μs |         |
| 12 |       Result                  |          302.7 ms |      60 μs |     47 μs |         |
| 13 |         CTE Scan on foo       |          201.5 ms |      13 μs |     13 μs |         |
'-------------------------------------------------------------------------------------------'"
`;

exports[`transformQueries time accounting snapshots are matching PGIndexes 1`] = `
".-------------------------------------------------------------------------------------------------------------------------.
|                                                        PGIndexes                                                        |
|-------------------------------------------------------------------------------------------------------------------------|
| #  |                            Label                            | Actual Total Time | Total Time | Self Time | Virtual |
|----|-------------------------------------------------------------|-------------------|------------|-----------|---------|
|  1 | Query                                                       |                   |     9.2 ms |      0 μs |       x |
|  2 |   Planning                                                  |                   |     974 μs |    974 μs |       x |
|  3 |   Execution                                                 |                   |     8.2 ms |    135 μs |       x |
|  4 |     Nested Loop Left Join                                   |            8.1 ms |     8.1 ms |    6.9 ms |         |
|  5 |       Hash Left Join                                        |            1.2 ms |     1.2 ms |    110 μs |         |
|  6 |         Nested Loop                                         |            1.1 ms |     1.1 ms |     84 μs |         |
|  7 |           Hash Join                                         |            469 μs |     469 μs |    142 μs |         |
|  8 |             Seq Scan on pg_index x                          |             53 μs |      53 μs |     53 μs |         |
|  9 |             Hash                                            |            274 μs |     274 μs |     40 μs |         |
| 10 |               Seq Scan on pg_class c                        |            234 μs |     234 μs |    234 μs |         |
| 11 |           Index Scan using pg_class_oid_index on pg_class i |              4 μs |     520 μs |    520 μs |         |
| 12 |         Hash                                                |             16 μs |      16 μs |      6 μs |         |
| 13 |           Seq Scan on pg_namespace n                        |             10 μs |      10 μs |     10 μs |         |
| 14 |       Materialize                                           |              0 μs |       5 μs |      0 μs |         |
| 15 |         Seq Scan on pg_tablespace t                         |              5 μs |       5 μs |      5 μs |         |
'-------------------------------------------------------------------------------------------------------------------------'"
`;

exports[`transformQueries time accounting snapshots are matching RewriteTwoQueries 1`] = `
".------------------------------------------------------------------------------------------------------.
|                                          RewriteTwoQueries                                           |
|------------------------------------------------------------------------------------------------------|
| #  |                  Label                   | Actual Total Time | Total Time | Self Time | Virtual |
|----|------------------------------------------|-------------------|------------|-----------|---------|
|  1 | Queries                                  |                   |   259.0 ms |      0 μs |       x |
|  2 |   Query 1                                |                   |   130.2 ms |      0 μs |       x |
|  3 |     Planning                             |                   |      42 μs |     42 μs |       x |
|  4 |     Execution                            |                   |   130.1 ms |    1.3 ms |       x |
|  5 |       Insert on foo                      |          128.8 ms |   128.8 ms |  105.3 ms |         |
|  6 |         Function Scan on generate_series |           23.5 ms |    23.5 ms |   23.5 ms |         |
|  7 |   Query 2                                |                   |   128.8 ms |      0 μs |       x |
|  8 |     Planning                             |                   |      41 μs |     41 μs |       x |
|  9 |     Execution                            |                   |   128.8 ms |    1.4 ms |       x |
| 10 |       Insert on bar                      |          127.4 ms |   127.4 ms |  105.3 ms |         |
| 11 |         Function Scan on generate_series |           22.0 ms |    22.0 ms |   22.0 ms |         |
'------------------------------------------------------------------------------------------------------'"
`;
